// Jest Snapshot v1, https://goo.gl/fbAQLP

exports[`renders a snapshot 1`] = `
<div
  className="App pt-5"
>
  <div
    className="row"
  >
    <div
      className="col"
      style={
        Object {
          "display": "flex",
          "justifyContent": "center",
        }
      }
    >
      <div
        className="card"
      >
        <div
          className="card"
          style={
            Object {
              "width": "18rem",
            }
          }
        >
          <img
            className="card-img-top"
            src="Dan.jpg"
          />
          <div
            className="card-body"
          >
            <div
              className="card-title h5"
            >
              Dan
            </div>
            <p
              className="card-text"
            >
              I am Dan the Dev
            </p>
          </div>
        </div>
      </div>
    </div>
  </div>
</div>
`;
